// Jest Snapshot v1, https://goo.gl/fbAQLP

exports[`CheckBoxRow Component Renders correctly 1`] = `
<View
  style={
    Object {
      "alignItems": "center",
      "flex": 1,
      "flexDirection": "row",
      "margin": 10,
    }
  }
>
  <View
    accessibilityLabel="Hey"
    accessible={true}
    collapsable={false}
    focusable={true}
    nativeID="animatedComponent"
    onClick={[Function]}
    onResponderGrant={[Function]}
    onResponderMove={[Function]}
    onResponderRelease={[Function]}
    onResponderTerminate={[Function]}
    onResponderTerminationRequest={[Function]}
    onStartShouldSetResponder={[Function]}
    style={
      Object {
        "opacity": 1,
      }
    }
  >
    <Text
      allowFontScaling={false}
      style={
        Array [
          Object {
            "color": "#42803E",
            "fontSize": 36,
          },
          undefined,
          Object {
            "fontFamily": "Material Icons",
            "fontStyle": "normal",
            "fontWeight": "normal",
          },
          Object {},
        ]
      }
    >
      î ´
    </Text>
  </View>
  <Text
    style={
      Array [
        Object {
          "color": "#FFFFFF",
          "flexShrink": 1,
          "fontSize": 18,
          "fontWeight": "normal",
          "marginLeft": 10,
        },
      ]
    }
  >
    Hello Friend
  </Text>
</View>
`;
