// Jest Snapshot v1, https://goo.gl/fbAQLP

exports[`CommonDeclineModal Component Credential offer decline renders correctly 1`] = `
<Modal
  animationType="slide"
  hardwareAccelerated={false}
  transparent={true}
  visible={true}
>
  <View
    style={
      Array [
        Object {
          "alignItems": "flex-end",
          "backgroundColor": "#000000",
          "borderTopLeftRadius": 10,
          "borderTopRightRadius": 10,
          "height": 55,
          "marginTop": 65,
          "paddingRight": 20,
          "paddingTop": 10,
        },
      ]
    }
  >
    <View
      accessibilityLabel="Close"
      accessible={true}
      collapsable={false}
      focusable={true}
      nativeID="animatedComponent"
      onClick={[Function]}
      onResponderGrant={[Function]}
      onResponderMove={[Function]}
      onResponderRelease={[Function]}
      onResponderTerminate={[Function]}
      onResponderTerminationRequest={[Function]}
      onStartShouldSetResponder={[Function]}
      style={
        Object {
          "opacity": 1,
        }
      }
      testID="Close"
    >
      <Text
        allowFontScaling={false}
        style={
          Array [
            Object {
              "color": "#FFFFFF",
              "fontSize": 42,
            },
            undefined,
            Object {
              "fontFamily": "Material Icons",
              "fontStyle": "normal",
              "fontWeight": "normal",
            },
            Object {},
          ]
        }
      >
        
      </Text>
    </View>
  </View>
  <RNCSafeAreaView
    edges={
      Array [
        "left",
        "right",
        "bottom",
      ]
    }
    style={
      Array [
        Object {
          "backgroundColor": "#000000",
        },
      ]
    }
  >
    <RCTScrollView
      style={
        Array [
          Object {
            "backgroundColor": "#000000",
            "height": "100%",
            "padding": 20,
          },
        ]
      }
    >
      <View>
        <View
          style={
            Object {
              "flexDirection": "row",
              "justifyContent": "center",
            }
          }
        >
          <
            height={115}
            width={115}
          />
        </View>
        <View
          style={
            Array [
              Object {
                "marginBottom": 25,
              },
            ]
          }
        >
          <Text
            style={
              Array [
                Object {
                  "color": "#FFFFFF",
                  "fontSize": 24,
                  "fontWeight": "bold",
                },
                Object {
                  "fontSize": 28,
                },
              ]
            }
          >
            CredentialOffer.DeclineTitle
          </Text>
          <Text
            style={
              Array [
                Object {
                  "color": "#FFFFFF",
                  "fontSize": 24,
                  "fontWeight": "normal",
                  "marginTop": 25,
                },
                Object {
                  "marginTop": 30,
                },
              ]
            }
          >
            CredentialOffer.DeclineParagraph1
          </Text>
          <Text
            style={
              Array [
                Object {
                  "color": "#FFFFFF",
                  "fontSize": 24,
                  "fontWeight": "normal",
                  "marginTop": 25,
                },
              ]
            }
          >
            CredentialOffer.DeclineParagraph1
          </Text>
        </View>
      </View>
    </RCTScrollView>
    <View
      style={
        Array [
          Object {
            "marginBottom": 108,
            "marginHorizontal": 20,
            "marginTop": "auto",
          },
        ]
      }
    >
      <View
        style={
          Array [
            Object {
              "paddingTop": 10,
            },
          ]
        }
      >
        <View
          accessibilityLabel="Global.Decline"
          accessibilityState={
            Object {
              "disabled": false,
            }
          }
          accessible={true}
          collapsable={false}
          focusable={true}
          nativeID="animatedComponent"
          onClick={[Function]}
          onResponderGrant={[Function]}
          onResponderMove={[Function]}
          onResponderRelease={[Function]}
          onResponderTerminate={[Function]}
          onResponderTerminationRequest={[Function]}
          onStartShouldSetResponder={[Function]}
          style={
            Object {
              "backgroundColor": "#42803E",
              "borderRadius": 4,
              "opacity": 1,
              "padding": 16,
            }
          }
          testID="com.ariesbifold:id/ConfirmDeclineButton"
        >
          <View
            style={
              Object {
                "alignItems": "center",
                "flexDirection": "row",
                "justifyContent": "center",
              }
            }
          >
            <Text
              style={
                Array [
                  Object {
                    "color": "#FFFFFF",
                    "fontSize": 18,
                    "fontWeight": "bold",
                    "textAlign": "center",
                  },
                  false,
                ]
              }
            >
              Global.Decline
            </Text>
          </View>
        </View>
      </View>
      <View
        style={
          Array [
            Object {
              "paddingTop": 10,
            },
          ]
        }
      >
        <View
          accessibilityLabel="Global.Cancel"
          accessibilityState={
            Object {
              "disabled": false,
            }
          }
          accessible={true}
          collapsable={false}
          focusable={true}
          nativeID="animatedComponent"
          onClick={[Function]}
          onResponderGrant={[Function]}
          onResponderMove={[Function]}
          onResponderRelease={[Function]}
          onResponderTerminate={[Function]}
          onResponderTerminationRequest={[Function]}
          onStartShouldSetResponder={[Function]}
          style={
            Object {
              "borderColor": "#42803E",
              "borderRadius": 4,
              "borderWidth": 2,
              "opacity": 1,
              "padding": 16,
            }
          }
          testID="com.ariesbifold:id/CancelDeclineButton"
        >
          <View
            style={
              Object {
                "alignItems": "center",
                "flexDirection": "row",
                "justifyContent": "center",
              }
            }
          >
            <Text
              style={
                Array [
                  Object {
                    "color": "#42803E",
                    "fontSize": 18,
                    "fontWeight": "bold",
                    "textAlign": "center",
                  },
                  false,
                ]
              }
            >
              Global.Cancel
            </Text>
          </View>
        </View>
      </View>
    </View>
  </RNCSafeAreaView>
</Modal>
`;

exports[`CommonDeclineModal Component Custom notification decline renders correctly 1`] = `
<Modal
  animationType="slide"
  hardwareAccelerated={false}
  transparent={true}
  visible={true}
>
  <View
    style={
      Array [
        Object {
          "alignItems": "flex-end",
          "backgroundColor": "#000000",
          "borderTopLeftRadius": 10,
          "borderTopRightRadius": 10,
          "height": 55,
          "marginTop": 65,
          "paddingRight": 20,
          "paddingTop": 10,
        },
      ]
    }
  >
    <View
      accessibilityLabel="Close"
      accessible={true}
      collapsable={false}
      focusable={true}
      nativeID="animatedComponent"
      onClick={[Function]}
      onResponderGrant={[Function]}
      onResponderMove={[Function]}
      onResponderRelease={[Function]}
      onResponderTerminate={[Function]}
      onResponderTerminationRequest={[Function]}
      onStartShouldSetResponder={[Function]}
      style={
        Object {
          "opacity": 1,
        }
      }
      testID="Close"
    >
      <Text
        allowFontScaling={false}
        style={
          Array [
            Object {
              "color": "#FFFFFF",
              "fontSize": 42,
            },
            undefined,
            Object {
              "fontFamily": "Material Icons",
              "fontStyle": "normal",
              "fontWeight": "normal",
            },
            Object {},
          ]
        }
      >
        
      </Text>
    </View>
  </View>
  <RNCSafeAreaView
    edges={
      Array [
        "left",
        "right",
        "bottom",
      ]
    }
    style={
      Array [
        Object {
          "backgroundColor": "#000000",
        },
      ]
    }
  >
    <RCTScrollView
      style={
        Array [
          Object {
            "backgroundColor": "#000000",
            "height": "100%",
            "padding": 20,
          },
        ]
      }
    >
      <View>
        <View
          style={
            Object {
              "flexDirection": "row",
              "justifyContent": "center",
            }
          }
        >
          <
            height={115}
            style={
              Object {
                "marginBottom": 15,
              }
            }
            width={115}
          />
        </View>
        <View
          style={
            Array [
              Object {
                "marginBottom": 25,
              },
            ]
          }
        >
          <Text
            style={
              Array [
                Object {
                  "color": "#FFFFFF",
                  "fontSize": 24,
                  "fontWeight": "bold",
                },
                Object {
                  "fontSize": 28,
                },
              ]
            }
          >
            CredentialOffer.CustomOfferTitle
          </Text>
          <Text
            style={
              Array [
                Object {
                  "color": "#FFFFFF",
                  "fontSize": 24,
                  "fontWeight": "normal",
                  "marginTop": 25,
                },
                Object {
                  "marginTop": 30,
                },
              ]
            }
          >
            CredentialOffer.CustomOfferParagraph1
          </Text>
          <Text
            style={
              Array [
                Object {
                  "color": "#FFFFFF",
                  "fontSize": 24,
                  "fontWeight": "normal",
                  "marginTop": 25,
                },
              ]
            }
          >
            CredentialOffer.CustomOfferParagraph2
          </Text>
        </View>
      </View>
    </RCTScrollView>
    <View
      style={
        Array [
          Object {
            "marginBottom": 108,
            "marginHorizontal": 20,
            "marginTop": "auto",
          },
        ]
      }
    >
      <View
        style={
          Array [
            Object {
              "paddingTop": 10,
            },
          ]
        }
      >
        <View
          accessibilityLabel="Global.Decline"
          accessibilityState={
            Object {
              "disabled": false,
            }
          }
          accessible={true}
          collapsable={false}
          focusable={true}
          nativeID="animatedComponent"
          onClick={[Function]}
          onResponderGrant={[Function]}
          onResponderMove={[Function]}
          onResponderRelease={[Function]}
          onResponderTerminate={[Function]}
          onResponderTerminationRequest={[Function]}
          onStartShouldSetResponder={[Function]}
          style={
            Object {
              "backgroundColor": "#42803E",
              "borderRadius": 4,
              "opacity": 1,
              "padding": 16,
            }
          }
          testID="com.ariesbifold:id/ConfirmDeclineButton"
        >
          <View
            style={
              Object {
                "alignItems": "center",
                "flexDirection": "row",
                "justifyContent": "center",
              }
            }
          >
            <Text
              style={
                Array [
                  Object {
                    "color": "#FFFFFF",
                    "fontSize": 18,
                    "fontWeight": "bold",
                    "textAlign": "center",
                  },
                  false,
                ]
              }
            >
              Global.Decline
            </Text>
          </View>
        </View>
      </View>
      <View
        style={
          Array [
            Object {
              "paddingTop": 10,
            },
          ]
        }
      >
        <View
          accessibilityLabel="Global.Cancel"
          accessibilityState={
            Object {
              "disabled": false,
            }
          }
          accessible={true}
          collapsable={false}
          focusable={true}
          nativeID="animatedComponent"
          onClick={[Function]}
          onResponderGrant={[Function]}
          onResponderMove={[Function]}
          onResponderRelease={[Function]}
          onResponderTerminate={[Function]}
          onResponderTerminationRequest={[Function]}
          onStartShouldSetResponder={[Function]}
          style={
            Object {
              "borderColor": "#42803E",
              "borderRadius": 4,
              "borderWidth": 2,
              "opacity": 1,
              "padding": 16,
            }
          }
          testID="com.ariesbifold:id/CancelDeclineButton"
        >
          <View
            style={
              Object {
                "alignItems": "center",
                "flexDirection": "row",
                "justifyContent": "center",
              }
            }
          >
            <Text
              style={
                Array [
                  Object {
                    "color": "#42803E",
                    "fontSize": 18,
                    "fontWeight": "bold",
                    "textAlign": "center",
                  },
                  false,
                ]
              }
            >
              Global.Cancel
            </Text>
          </View>
        </View>
      </View>
    </View>
  </RNCSafeAreaView>
</Modal>
`;

exports[`CommonDeclineModal Component Proof request decline renders correctly 1`] = `
<Modal
  animationType="slide"
  hardwareAccelerated={false}
  transparent={true}
  visible={true}
>
  <View
    style={
      Array [
        Object {
          "alignItems": "flex-end",
          "backgroundColor": "#000000",
          "borderTopLeftRadius": 10,
          "borderTopRightRadius": 10,
          "height": 55,
          "marginTop": 65,
          "paddingRight": 20,
          "paddingTop": 10,
        },
      ]
    }
  >
    <View
      accessibilityLabel="Close"
      accessible={true}
      collapsable={false}
      focusable={true}
      nativeID="animatedComponent"
      onClick={[Function]}
      onResponderGrant={[Function]}
      onResponderMove={[Function]}
      onResponderRelease={[Function]}
      onResponderTerminate={[Function]}
      onResponderTerminationRequest={[Function]}
      onStartShouldSetResponder={[Function]}
      style={
        Object {
          "opacity": 1,
        }
      }
      testID="Close"
    >
      <Text
        allowFontScaling={false}
        style={
          Array [
            Object {
              "color": "#FFFFFF",
              "fontSize": 42,
            },
            undefined,
            Object {
              "fontFamily": "Material Icons",
              "fontStyle": "normal",
              "fontWeight": "normal",
            },
            Object {},
          ]
        }
      >
        
      </Text>
    </View>
  </View>
  <RNCSafeAreaView
    edges={
      Array [
        "left",
        "right",
        "bottom",
      ]
    }
    style={
      Array [
        Object {
          "backgroundColor": "#000000",
        },
      ]
    }
  >
    <RCTScrollView
      style={
        Array [
          Object {
            "backgroundColor": "#000000",
            "height": "100%",
            "padding": 20,
          },
        ]
      }
    >
      <View>
        <View
          style={
            Object {
              "flexDirection": "row",
              "justifyContent": "center",
            }
          }
        >
          <
            height={115}
            width={115}
          />
        </View>
        <View
          style={
            Array [
              Object {
                "marginBottom": 25,
              },
            ]
          }
        >
          <Text
            style={
              Array [
                Object {
                  "color": "#FFFFFF",
                  "fontSize": 24,
                  "fontWeight": "bold",
                },
                Object {
                  "fontSize": 28,
                },
              ]
            }
          >
            ProofRequest.DeclineTitle
          </Text>
          <Text
            style={
              Array [
                Object {
                  "color": "#FFFFFF",
                  "fontSize": 24,
                  "fontWeight": "normal",
                  "marginTop": 25,
                },
                Object {
                  "marginTop": 30,
                },
              ]
            }
          >
            ProofRequest.DeclineBulletPoint1
          </Text>
          <Text
            style={
              Array [
                Object {
                  "color": "#FFFFFF",
                  "fontSize": 24,
                  "fontWeight": "normal",
                  "marginTop": 25,
                },
              ]
            }
          >
            ProofRequest.DeclineBulletPoint2
          </Text>
          <Text
            style={
              Array [
                Object {
                  "color": "#FFFFFF",
                  "fontSize": 24,
                  "fontWeight": "normal",
                  "marginTop": 25,
                },
              ]
            }
          >
            ProofRequest.DeclineBulletPoint3
          </Text>
        </View>
      </View>
    </RCTScrollView>
    <View
      style={
        Array [
          Object {
            "marginBottom": 108,
            "marginHorizontal": 20,
            "marginTop": "auto",
          },
        ]
      }
    >
      <View
        style={
          Array [
            Object {
              "paddingTop": 10,
            },
          ]
        }
      >
        <View
          accessibilityLabel="Global.Decline"
          accessibilityState={
            Object {
              "disabled": false,
            }
          }
          accessible={true}
          collapsable={false}
          focusable={true}
          nativeID="animatedComponent"
          onClick={[Function]}
          onResponderGrant={[Function]}
          onResponderMove={[Function]}
          onResponderRelease={[Function]}
          onResponderTerminate={[Function]}
          onResponderTerminationRequest={[Function]}
          onStartShouldSetResponder={[Function]}
          style={
            Object {
              "backgroundColor": "#42803E",
              "borderRadius": 4,
              "opacity": 1,
              "padding": 16,
            }
          }
          testID="com.ariesbifold:id/ConfirmDeclineButton"
        >
          <View
            style={
              Object {
                "alignItems": "center",
                "flexDirection": "row",
                "justifyContent": "center",
              }
            }
          >
            <Text
              style={
                Array [
                  Object {
                    "color": "#FFFFFF",
                    "fontSize": 18,
                    "fontWeight": "bold",
                    "textAlign": "center",
                  },
                  false,
                ]
              }
            >
              Global.Decline
            </Text>
          </View>
        </View>
      </View>
      <View
        style={
          Array [
            Object {
              "paddingTop": 10,
            },
          ]
        }
      >
        <View
          accessibilityLabel="Global.Cancel"
          accessibilityState={
            Object {
              "disabled": false,
            }
          }
          accessible={true}
          collapsable={false}
          focusable={true}
          nativeID="animatedComponent"
          onClick={[Function]}
          onResponderGrant={[Function]}
          onResponderMove={[Function]}
          onResponderRelease={[Function]}
          onResponderTerminate={[Function]}
          onResponderTerminationRequest={[Function]}
          onStartShouldSetResponder={[Function]}
          style={
            Object {
              "borderColor": "#42803E",
              "borderRadius": 4,
              "borderWidth": 2,
              "opacity": 1,
              "padding": 16,
            }
          }
          testID="com.ariesbifold:id/CancelDeclineButton"
        >
          <View
            style={
              Object {
                "alignItems": "center",
                "flexDirection": "row",
                "justifyContent": "center",
              }
            }
          >
            <Text
              style={
                Array [
                  Object {
                    "color": "#42803E",
                    "fontSize": 18,
                    "fontWeight": "bold",
                    "textAlign": "center",
                  },
                  false,
                ]
              }
            >
              Global.Cancel
            </Text>
          </View>
        </View>
      </View>
    </View>
  </RNCSafeAreaView>
</Modal>
`;

exports[`CommonDeclineModal Component Rerenders correctly when not visible 1`] = `
<Modal
  animationType="slide"
  hardwareAccelerated={false}
  transparent={true}
  visible={true}
>
  <View
    style={
      Array [
        Object {
          "alignItems": "flex-end",
          "backgroundColor": "#000000",
          "borderTopLeftRadius": 10,
          "borderTopRightRadius": 10,
          "height": 55,
          "marginTop": 65,
          "paddingRight": 20,
          "paddingTop": 10,
        },
      ]
    }
  >
    <View
      accessibilityLabel="Close"
      accessible={true}
      collapsable={false}
      focusable={true}
      nativeID="animatedComponent"
      onClick={[Function]}
      onResponderGrant={[Function]}
      onResponderMove={[Function]}
      onResponderRelease={[Function]}
      onResponderTerminate={[Function]}
      onResponderTerminationRequest={[Function]}
      onStartShouldSetResponder={[Function]}
      style={
        Object {
          "opacity": 1,
        }
      }
      testID="Close"
    >
      <Text
        allowFontScaling={false}
        style={
          Array [
            Object {
              "color": "#FFFFFF",
              "fontSize": 42,
            },
            undefined,
            Object {
              "fontFamily": "Material Icons",
              "fontStyle": "normal",
              "fontWeight": "normal",
            },
            Object {},
          ]
        }
      >
        
      </Text>
    </View>
  </View>
  <RNCSafeAreaView
    edges={
      Array [
        "left",
        "right",
        "bottom",
      ]
    }
    style={
      Array [
        Object {
          "backgroundColor": "#000000",
        },
      ]
    }
  >
    <RCTScrollView
      style={
        Array [
          Object {
            "backgroundColor": "#000000",
            "height": "100%",
            "padding": 20,
          },
        ]
      }
    >
      <View>
        <View
          style={
            Object {
              "flexDirection": "row",
              "justifyContent": "center",
            }
          }
        >
          <
            height={115}
            width={115}
          />
        </View>
        <View
          style={
            Array [
              Object {
                "marginBottom": 25,
              },
            ]
          }
        >
          <Text
            style={
              Array [
                Object {
                  "color": "#FFFFFF",
                  "fontSize": 24,
                  "fontWeight": "bold",
                },
                Object {
                  "fontSize": 28,
                },
              ]
            }
          >
            CredentialOffer.DeclineTitle
          </Text>
          <Text
            style={
              Array [
                Object {
                  "color": "#FFFFFF",
                  "fontSize": 24,
                  "fontWeight": "normal",
                  "marginTop": 25,
                },
                Object {
                  "marginTop": 30,
                },
              ]
            }
          >
            CredentialOffer.DeclineParagraph1
          </Text>
          <Text
            style={
              Array [
                Object {
                  "color": "#FFFFFF",
                  "fontSize": 24,
                  "fontWeight": "normal",
                  "marginTop": 25,
                },
              ]
            }
          >
            CredentialOffer.DeclineParagraph1
          </Text>
        </View>
      </View>
    </RCTScrollView>
    <View
      style={
        Array [
          Object {
            "marginBottom": 108,
            "marginHorizontal": 20,
            "marginTop": "auto",
          },
        ]
      }
    >
      <View
        style={
          Array [
            Object {
              "paddingTop": 10,
            },
          ]
        }
      >
        <View
          accessibilityLabel="Global.Decline"
          accessibilityState={
            Object {
              "disabled": false,
            }
          }
          accessible={true}
          collapsable={false}
          focusable={true}
          nativeID="animatedComponent"
          onClick={[Function]}
          onResponderGrant={[Function]}
          onResponderMove={[Function]}
          onResponderRelease={[Function]}
          onResponderTerminate={[Function]}
          onResponderTerminationRequest={[Function]}
          onStartShouldSetResponder={[Function]}
          style={
            Object {
              "backgroundColor": "#42803E",
              "borderRadius": 4,
              "opacity": 1,
              "padding": 16,
            }
          }
          testID="com.ariesbifold:id/ConfirmDeclineButton"
        >
          <View
            style={
              Object {
                "alignItems": "center",
                "flexDirection": "row",
                "justifyContent": "center",
              }
            }
          >
            <Text
              style={
                Array [
                  Object {
                    "color": "#FFFFFF",
                    "fontSize": 18,
                    "fontWeight": "bold",
                    "textAlign": "center",
                  },
                  false,
                ]
              }
            >
              Global.Decline
            </Text>
          </View>
        </View>
      </View>
      <View
        style={
          Array [
            Object {
              "paddingTop": 10,
            },
          ]
        }
      >
        <View
          accessibilityLabel="Global.Cancel"
          accessibilityState={
            Object {
              "disabled": false,
            }
          }
          accessible={true}
          collapsable={false}
          focusable={true}
          nativeID="animatedComponent"
          onClick={[Function]}
          onResponderGrant={[Function]}
          onResponderMove={[Function]}
          onResponderRelease={[Function]}
          onResponderTerminate={[Function]}
          onResponderTerminationRequest={[Function]}
          onStartShouldSetResponder={[Function]}
          style={
            Object {
              "borderColor": "#42803E",
              "borderRadius": 4,
              "borderWidth": 2,
              "opacity": 1,
              "padding": 16,
            }
          }
          testID="com.ariesbifold:id/CancelDeclineButton"
        >
          <View
            style={
              Object {
                "alignItems": "center",
                "flexDirection": "row",
                "justifyContent": "center",
              }
            }
          >
            <Text
              style={
                Array [
                  Object {
                    "color": "#42803E",
                    "fontSize": 18,
                    "fontWeight": "bold",
                    "textAlign": "center",
                  },
                  false,
                ]
              }
            >
              Global.Cancel
            </Text>
          </View>
        </View>
      </View>
    </View>
  </RNCSafeAreaView>
</Modal>
`;
