// Jest Snapshot v1, https://goo.gl/fbAQLP

exports[`Header Right Home Component Renders correctly 1`] = `
<View
  accessibilityLabel="Global.Home"
  accessible={true}
  collapsable={false}
  focusable={true}
  nativeID="animatedComponent"
  onClick={[Function]}
  onResponderGrant={[Function]}
  onResponderMove={[Function]}
  onResponderRelease={[Function]}
  onResponderTerminate={[Function]}
  onResponderTerminationRequest={[Function]}
  onStartShouldSetResponder={[Function]}
  style={
    Object {
      "marginRight": 14,
      "opacity": 1,
    }
  }
  testID="com.ariesbifold:id/HomeButton"
>
  <Text
    allowFontScaling={false}
    style={
      Array [
        Object {
          "color": "#FFFFFF",
          "fontSize": 26,
        },
        undefined,
        Object {
          "fontFamily": "Material Design Icons",
          "fontStyle": "normal",
          "fontWeight": "normal",
        },
        Object {},
      ]
    }
  >
    ó°‹œ
  </Text>
</View>
`;
