// Jest Snapshot v1, https://goo.gl/fbAQLP

exports[`Header Left Button Component Renders correctly 1`] = `
<View
  accessibilityLabel="Hello"
  accessibilityState={
    Object {
      "disabled": false,
    }
  }
  accessible={true}
  collapsable={false}
  focusable={true}
  nativeID="animatedComponent"
  onClick={[Function]}
  onResponderGrant={[Function]}
  onResponderMove={[Function]}
  onResponderRelease={[Function]}
  onResponderTerminate={[Function]}
  onResponderTerminationRequest={[Function]}
  onStartShouldSetResponder={[Function]}
  style={
    Object {
      "marginLeft": 10,
      "opacity": 1,
    }
  }
  testID="TestID.Button"
>
  <View
    style={
      Object {
        "alignItems": "center",
        "flexDirection": "row",
      }
    }
  >
    <Text
      allowFontScaling={false}
      style={
        Array [
          Object {
            "color": "#FFFFFF",
            "fontSize": 38,
          },
          undefined,
          Object {
            "fontFamily": "Material Design Icons",
            "fontStyle": "normal",
            "fontWeight": "normal",
          },
          Object {},
        ]
      }
    >
      Û∞ÖÅ
    </Text>
    <Text
      style={
        Array [
          Object {
            "color": "#FFFFFF",
            "fontSize": 18,
            "fontWeight": "normal",
            "marginLeft": -4,
          },
        ]
      }
    >
      Hello Header
    </Text>
  </View>
</View>
`;
